exports[`App renders correctly 1`] = `
<div>
  <h1>
    Fundraiser Leaderboard
  </h1>
  <div>
    Loadingâ€¦
  </div>
</div>
`;
